------------------------------------------------------------
Timing Analyzer Summary
------------------------------------------------------------

Type  : Slow 1100mV 85C Model Setup 'PWM_unit|pll_inst|altpll_component|auto_generated|generic_pll1~PLL_OUTPUT_COUNTER|divclk'
Slack : 9.561
TNS   : 0.000

Type  : Slow 1100mV 85C Model Hold 'PWM_unit|pll_inst|altpll_component|auto_generated|generic_pll1~PLL_OUTPUT_COUNTER|divclk'
Slack : 0.404
TNS   : 0.000

Type  : Slow 1100mV 85C Model Minimum Pulse Width 'PWM_unit|pll_inst|altpll_component|auto_generated|generic_pll1~FRACTIONAL_PLL|vcoph[0]'
Slack : 1.666
TNS   : 0.000

Type  : Slow 1100mV 85C Model Minimum Pulse Width 'PWM_unit|pll_inst|altpll_component|auto_generated|generic_pll1~PLL_OUTPUT_COUNTER|divclk'
Slack : 5.956
TNS   : 0.000

Type  : Slow 1100mV 85C Model Minimum Pulse Width 'clk'
Slack : 9.900
TNS   : 0.000

Type  : Slow 1100mV 0C Model Setup 'PWM_unit|pll_inst|altpll_component|auto_generated|generic_pll1~PLL_OUTPUT_COUNTER|divclk'
Slack : 9.505
TNS   : 0.000

Type  : Slow 1100mV 0C Model Hold 'PWM_unit|pll_inst|altpll_component|auto_generated|generic_pll1~PLL_OUTPUT_COUNTER|divclk'
Slack : 0.383
TNS   : 0.000

Type  : Slow 1100mV 0C Model Minimum Pulse Width 'PWM_unit|pll_inst|altpll_component|auto_generated|generic_pll1~FRACTIONAL_PLL|vcoph[0]'
Slack : 1.666
TNS   : 0.000

Type  : Slow 1100mV 0C Model Minimum Pulse Width 'PWM_unit|pll_inst|altpll_component|auto_generated|generic_pll1~PLL_OUTPUT_COUNTER|divclk'
Slack : 5.915
TNS   : 0.000

Type  : Slow 1100mV 0C Model Minimum Pulse Width 'clk'
Slack : 9.926
TNS   : 0.000

Type  : Fast 1100mV 85C Model Setup 'PWM_unit|pll_inst|altpll_component|auto_generated|generic_pll1~PLL_OUTPUT_COUNTER|divclk'
Slack : 11.319
TNS   : 0.000

Type  : Fast 1100mV 85C Model Hold 'PWM_unit|pll_inst|altpll_component|auto_generated|generic_pll1~PLL_OUTPUT_COUNTER|divclk'
Slack : 0.202
TNS   : 0.000

Type  : Fast 1100mV 85C Model Minimum Pulse Width 'PWM_unit|pll_inst|altpll_component|auto_generated|generic_pll1~FRACTIONAL_PLL|vcoph[0]'
Slack : 1.666
TNS   : 0.000

Type  : Fast 1100mV 85C Model Minimum Pulse Width 'PWM_unit|pll_inst|altpll_component|auto_generated|generic_pll1~PLL_OUTPUT_COUNTER|divclk'
Slack : 6.216
TNS   : 0.000

Type  : Fast 1100mV 85C Model Minimum Pulse Width 'clk'
Slack : 9.643
TNS   : 0.000

Type  : Fast 1100mV 0C Model Setup 'PWM_unit|pll_inst|altpll_component|auto_generated|generic_pll1~PLL_OUTPUT_COUNTER|divclk'
Slack : 11.445
TNS   : 0.000

Type  : Fast 1100mV 0C Model Hold 'PWM_unit|pll_inst|altpll_component|auto_generated|generic_pll1~PLL_OUTPUT_COUNTER|divclk'
Slack : 0.194
TNS   : 0.000

Type  : Fast 1100mV 0C Model Minimum Pulse Width 'PWM_unit|pll_inst|altpll_component|auto_generated|generic_pll1~FRACTIONAL_PLL|vcoph[0]'
Slack : 1.666
TNS   : 0.000

Type  : Fast 1100mV 0C Model Minimum Pulse Width 'PWM_unit|pll_inst|altpll_component|auto_generated|generic_pll1~PLL_OUTPUT_COUNTER|divclk'
Slack : 6.206
TNS   : 0.000

Type  : Fast 1100mV 0C Model Minimum Pulse Width 'clk'
Slack : 9.632
TNS   : 0.000

------------------------------------------------------------
